# Mined from the diagnostic lab by tools/mine_probes.py.
# Recompiled here, so this records what dm.exe said on this machine.
# probe: b1_macro_unterm_squote
3 error unterminated text (expecting ')
3 error missing ' in macro call
3 error missing ) in macro call
3 error unterminated text (expecting ')
